23:14:03 I run run-20260826-231403
23:14:03 I config {"data": {"levels": ["phone", "word", "utterance"], "emit_phones": true, "oversample_k": 5, "n_negatives": 300, "val_speakers": 12, "val_samples": 250, "max_length": 2048, "limit": 0}, "train": {"seed": 3407, "epochs": 2, "batch_size": 2, "grad_accum": 2, "learning_rate": 0.0001, "head_learning_rate": 0.001, "weight_decay": 0.01, "warmup_ratio": 0.05, "max_grad_norm": 1.0, "val_every": 200, "save_every": 500, "log_every": 10, "probe": 0, "wandb_project": "tutokana", "wandb_mode": "online"}, "head_modes": {"phone": "soft_class", "word": "regression", "utterance": "regression"}, "model_id": "google/gemma-4-12B-it", "device": "auto", "lora_r": 32, "lora_alpha": 64, "lora_dropout": 0.05, "train_audio_projection": false, "head_layers": 8, "layer_mixture": true, "phone_conditioning": "film", "lambda_ccc": 0.5, "lambda_lm": 0.5, "buffer_capacity": 512, "reweight_strength": 1.0, "reweight_levels": ["phone", "word"], "level_weight_phone": 1.0, "level_weight_word": 1.0, "level_weight_utterance": 1.0}
23:14:03 I device mps
23:14:06 I [data] 2260 train / 240 val utterances (12 val speakers held out), scoring on 240
23:14:06 I [data] 66 phone symbols in train
23:14:06 I [mix] {"base_samples": 2260, "oversampled_samples": 3608, "n_negatives": 300, "epoch_samples": 3908, "multiplicity_max": 5, "phone_entropy_base": 0.31897495807645415, "phone_entropy_mixed": 0.5670136911679056, "mispronunciation_share_base": 0.3}
23:14:10 I [model] heads ['phone.accuracy', 'utterance.accuracy', 'utterance.fluency', 'utterance.prosodic', 'utterance.total', 'word.accuracy', 'word.stress', 'word.total']
23:14:16 I [model] 146.95M trainable / 12106.68M total (1.214%)
23:14:18 I [preflight] ok — 217 tokens, 52 supervised text positions, registers {'phone.accuracy': 20, 'word.accuracy': 8, 'word.stress': 8, 'word.total': 8, 'utterance.accuracy': 2, 'utterance.prosodic': 2, 'utterance.fluency': 2, 'utterance.total': 2}, loss 27.2440
23:14:18 I [train] 1954 steps (977/epoch x 2 epochs)
23:15:11 I [train] epoch 0 step 10/1954 loss 23.0554 lr 1.13e-05 (0.39 batch/s)
23:16:12 I [train] epoch 0 step 20/1954 loss 36.5608 lr 2.16e-05 (0.33 batch/s)
23:17:07 I [train] epoch 0 step 30/1954 loss 49.7825 lr 3.20e-05 (0.37 batch/s)
23:18:02 I [train] epoch 0 step 40/1954 loss 47.7352 lr 4.23e-05 (0.36 batch/s)
23:18:57 I [train] epoch 0 step 50/1954 loss 36.1752 lr 5.26e-05 (0.37 batch/s)
23:19:59 I [train] epoch 0 step 60/1954 loss 95.1388 lr 6.29e-05 (0.32 batch/s)
23:20:54 I [train] epoch 0 step 70/1954 loss 23.1337 lr 7.32e-05 (0.36 batch/s)
23:21:44 I [train] epoch 0 step 80/1954 loss 46.3033 lr 8.35e-05 (0.40 batch/s)
23:22:38 I [train] epoch 0 step 90/1954 loss 41.5745 lr 9.38e-05 (0.37 batch/s)
23:23:34 I [train] epoch 0 step 100/1954 loss 59.1683 lr 1.00e-04 (0.36 batch/s)
23:24:25 I [train] epoch 0 step 110/1954 loss 59.0286 lr 1.00e-04 (0.39 batch/s)
23:25:16 I [train] epoch 0 step 120/1954 loss 148.1309 lr 1.00e-04 (0.39 batch/s)
23:26:12 I [train] epoch 0 step 130/1954 loss 46.1808 lr 9.99e-05 (0.36 batch/s)
23:27:05 I [train] epoch 0 step 140/1954 loss 43.7761 lr 9.99e-05 (0.37 batch/s)
23:27:57 I [train] epoch 0 step 150/1954 loss 29.0631 lr 9.98e-05 (0.39 batch/s)
23:28:50 I [train] epoch 0 step 160/1954 loss 80.4487 lr 9.97e-05 (0.38 batch/s)
23:29:43 I [train] epoch 0 step 170/1954 loss 16.9437 lr 9.96e-05 (0.38 batch/s)
23:30:39 I [train] epoch 0 step 180/1954 loss 32.6163 lr 9.95e-05 (0.36 batch/s)
23:31:35 I [train] epoch 0 step 190/1954 loss 49.8484 lr 9.94e-05 (0.35 batch/s)
23:32:30 I [train] epoch 0 step 200/1954 loss 28.1587 lr 9.92e-05 (0.37 batch/s)
23:33:55 I [val] step 200  p.accu 0.113/0.19  u.accu 0.681/0.22  u.flue 0.660/0.09  u.pros 0.585/0.06  u.tota 0.263/0.08  w.accu -0.135/0.19  w.stre 0.181/0.67  w.tota -0.043/0.28
23:34:50 I [train] epoch 0 step 210/1954 loss 54.6153 lr 9.91e-05 (0.14 batch/s)
23:35:50 I [train] epoch 0 step 220/1954 loss 62.3095 lr 9.89e-05 (0.33 batch/s)
23:37:04 I [train] epoch 0 step 230/1954 loss 83.9158 lr 9.87e-05 (0.27 batch/s)
23:37:57 I [train] epoch 0 step 240/1954 loss 38.3854 lr 9.85e-05 (0.38 batch/s)
23:38:54 I [train] epoch 0 step 250/1954 loss 57.2265 lr 9.83e-05 (0.35 batch/s)
23:39:44 I [train] epoch 0 step 260/1954 loss 72.5281 lr 9.81e-05 (0.40 batch/s)
23:40:47 I [train] epoch 0 step 270/1954 loss 41.1329 lr 9.79e-05 (0.32 batch/s)
23:41:49 I [train] epoch 0 step 280/1954 loss 23.1136 lr 9.76e-05 (0.33 batch/s)
23:42:43 I [train] epoch 0 step 290/1954 loss 12.9098 lr 9.74e-05 (0.37 batch/s)
23:43:44 I [train] epoch 0 step 300/1954 loss 89.5300 lr 9.71e-05 (0.33 batch/s)
23:44:39 I [train] epoch 0 step 310/1954 loss 68.0621 lr 9.68e-05 (0.36 batch/s)
23:45:39 I [train] epoch 0 step 320/1954 loss 91.7815 lr 9.65e-05 (0.33 batch/s)
23:46:36 I [train] epoch 0 step 330/1954 loss 87.7265 lr 9.62e-05 (0.35 batch/s)
23:47:33 I [train] epoch 0 step 340/1954 loss 42.1501 lr 9.58e-05 (0.35 batch/s)
23:48:28 I [train] epoch 0 step 350/1954 loss 139.8220 lr 9.55e-05 (0.36 batch/s)
23:49:28 I [train] epoch 0 step 360/1954 loss 26.0373 lr 9.51e-05 (0.34 batch/s)
23:50:28 I [train] epoch 0 step 370/1954 loss 44.1312 lr 9.48e-05 (0.33 batch/s)
23:51:23 I [train] epoch 0 step 380/1954 loss 98.7022 lr 9.44e-05 (0.36 batch/s)
23:52:29 I [train] epoch 0 step 390/1954 loss 49.2396 lr 9.40e-05 (0.30 batch/s)
23:53:36 I [train] epoch 0 step 400/1954 loss 90.6059 lr 9.36e-05 (0.30 batch/s)
23:55:32 I [val] step 400  p.accu 0.072/0.41  u.accu 0.805/0.85  u.flue 0.720/0.83  u.pros 0.684/0.87  u.tota 0.793/0.72  w.accu -0.251/0.35  w.stre 0.186/1.56  w.tota 0.037/0.16
23:56:38 I [train] epoch 0 step 410/1954 loss 84.7430 lr 9.32e-05 (0.11 batch/s)
23:57:56 I [train] epoch 0 step 420/1954 loss 61.8047 lr 9.27e-05 (0.26 batch/s)
23:59:00 I [train] epoch 0 step 430/1954 loss 26.6010 lr 9.23e-05 (0.31 batch/s)
00:00:18 I [train] epoch 0 step 440/1954 loss 10.3690 lr 9.18e-05 (0.26 batch/s)
00:01:43 I [train] epoch 0 step 450/1954 loss 87.8344 lr 9.13e-05 (0.24 batch/s)
00:02:47 I [train] epoch 0 step 460/1954 loss 55.9261 lr 9.09e-05 (0.31 batch/s)
00:03:56 I [train] epoch 0 step 470/1954 loss 10.6023 lr 9.04e-05 (0.29 batch/s)
00:04:56 I [train] epoch 0 step 480/1954 loss 76.1165 lr 8.99e-05 (0.33 batch/s)
00:05:49 I [train] epoch 0 step 490/1954 loss 132.2153 lr 8.94e-05 (0.37 batch/s)
00:06:46 I [train] epoch 0 step 500/1954 loss 50.5357 lr 8.88e-05 (0.35 batch/s)
00:06:49 I [save] checkpoint-500 (resumable)
00:07:58 I [train] epoch 0 step 510/1954 loss 86.7893 lr 8.83e-05 (0.28 batch/s)
00:09:17 I [train] epoch 0 step 520/1954 loss 33.3019 lr 8.77e-05 (0.25 batch/s)
00:10:15 I [train] epoch 0 step 530/1954 loss 50.1731 lr 8.72e-05 (0.35 batch/s)
00:11:21 I [train] epoch 0 step 540/1954 loss 108.4064 lr 8.66e-05 (0.30 batch/s)
00:12:24 I [train] epoch 0 step 550/1954 loss 49.1491 lr 8.60e-05 (0.32 batch/s)
00:13:24 I [train] epoch 0 step 560/1954 loss 55.1815 lr 8.54e-05 (0.33 batch/s)
00:14:26 I [train] epoch 0 step 570/1954 loss 35.6368 lr 8.48e-05 (0.32 batch/s)
00:15:31 I [train] epoch 0 step 580/1954 loss 78.6049 lr 8.42e-05 (0.31 batch/s)
00:16:32 I [train] epoch 0 step 590/1954 loss 10.2163 lr 8.36e-05 (0.32 batch/s)
00:17:39 I [train] epoch 0 step 600/1954 loss 65.3289 lr 8.30e-05 (0.30 batch/s)
00:20:17 I [val] step 600  p.accu 0.206/0.55  u.accu 0.755/0.68  u.flue 0.634/1.01  u.pros 0.587/0.88  u.tota 0.741/0.65  w.accu -0.243/0.39  w.stre 0.160/3.16  w.tota 0.137/0.32
00:22:24 I [train] epoch 0 step 610/1954 loss 28.0185 lr 8.23e-05 (0.07 batch/s)
00:23:49 I [train] epoch 0 step 620/1954 loss 62.3617 lr 8.17e-05 (0.23 batch/s)
00:25:03 I [train] epoch 0 step 630/1954 loss 24.8063 lr 8.10e-05 (0.27 batch/s)
00:26:24 I [train] epoch 0 step 640/1954 loss 100.1011 lr 8.03e-05 (0.25 batch/s)
00:27:33 I [train] epoch 0 step 650/1954 loss 22.2677 lr 7.97e-05 (0.29 batch/s)
00:28:49 I [train] epoch 0 step 660/1954 loss 18.3121 lr 7.90e-05 (0.26 batch/s)
00:30:02 I [train] epoch 0 step 670/1954 loss 123.0202 lr 7.83e-05 (0.28 batch/s)
00:31:32 I [train] epoch 0 step 680/1954 loss 80.0691 lr 7.76e-05 (0.22 batch/s)
00:32:51 I [train] epoch 0 step 690/1954 loss 61.7385 lr 7.69e-05 (0.25 batch/s)
00:33:55 I [train] epoch 0 step 700/1954 loss 63.5641 lr 7.62e-05 (0.31 batch/s)
00:35:03 I [train] epoch 0 step 710/1954 loss 75.9582 lr 7.54e-05 (0.29 batch/s)
00:36:09 I [train] epoch 0 step 720/1954 loss 58.6989 lr 7.47e-05 (0.30 batch/s)
00:37:23 I [train] epoch 0 step 730/1954 loss 32.7316 lr 7.40e-05 (0.27 batch/s)
00:38:55 I [train] epoch 0 step 740/1954 loss 58.8051 lr 7.32e-05 (0.22 batch/s)
00:40:08 I [train] epoch 0 step 750/1954 loss 23.2567 lr 7.25e-05 (0.27 batch/s)
00:41:15 I [train] epoch 0 step 760/1954 loss 30.9038 lr 7.17e-05 (0.30 batch/s)
00:42:23 I [train] epoch 0 step 770/1954 loss 27.9536 lr 7.09e-05 (0.29 batch/s)
00:43:27 I [train] epoch 0 step 780/1954 loss 136.7366 lr 7.02e-05 (0.31 batch/s)
00:44:33 I [train] epoch 0 step 790/1954 loss 58.6468 lr 6.94e-05 (0.30 batch/s)
00:45:44 I [train] epoch 0 step 800/1954 loss 23.0044 lr 6.86e-05 (0.28 batch/s)
00:56:17 I run run-20260826-231403
00:56:17 I [resume] from epoch 0, sample 2000, step 500 (saved 2026-08-27T00:06:47)
00:56:17 I config {"data": {"levels": ["phone", "word", "utterance"], "emit_phones": true, "oversample_k": 5, "n_negatives": 300, "val_speakers": 12, "val_samples": 250, "max_length": 2048, "limit": 0}, "train": {"seed": 3407, "epochs": 2, "batch_size": 1, "grad_accum": 4, "learning_rate": 0.0001, "head_learning_rate": 0.001, "weight_decay": 0.01, "warmup_ratio": 0.05, "max_grad_norm": 1.0, "val_every": 200, "save_every": 500, "log_every": 10, "probe": 0, "wandb_project": "tutokana", "wandb_mode": "online"}, "head_modes": {"phone": "soft_class", "word": "regression", "utterance": "regression"}, "model_id": "google/gemma-4-12B-it", "device": "auto", "lora_r": 32, "lora_alpha": 64, "lora_dropout": 0.05, "train_audio_projection": false, "head_layers": 8, "layer_mixture": true, "phone_conditioning": "film", "lambda_ccc": 0.5, "lambda_lm": 0.5, "buffer_capacity": 512, "reweight_strength": 1.0, "reweight_levels": ["phone", "word"], "level_weight_phone": 1.0, "level_weight_word": 1.0, "level_weight_utterance": 1.0}
00:56:17 I device mps
00:56:19 I [data] 2260 train / 240 val utterances (12 val speakers held out), scoring on 240
00:56:19 I [data] 66 phone symbols in train
00:56:19 I [mix] {"base_samples": 2260, "oversampled_samples": 3608, "n_negatives": 300, "epoch_samples": 3908, "multiplicity_max": 5, "phone_entropy_base": 0.31897495807645415, "phone_entropy_mixed": 0.5670136911679056, "mispronunciation_share_base": 0.3}
00:56:23 I [model] heads ['phone.accuracy', 'utterance.accuracy', 'utterance.fluency', 'utterance.prosodic', 'utterance.total', 'word.accuracy', 'word.stress', 'word.total']
00:56:27 I [model] 146.95M trainable / 12106.68M total (1.214%)
00:56:29 I [preflight] ok — 217 tokens, 52 supervised text positions, registers {'phone.accuracy': 20, 'word.accuracy': 8, 'word.stress': 8, 'word.total': 8, 'utterance.accuracy': 2, 'utterance.prosodic': 2, 'utterance.fluency': 2, 'utterance.total': 2}, loss 15.0766
00:56:29 I [train] 1954 steps (977/epoch x 2 epochs)
00:56:31 I [resume] skipping 2000 samples already seen this epoch
00:57:01 I run run-20260826-231403
00:57:01 I [resume] from epoch 0, sample 2000, step 500 (saved 2026-08-27T00:06:47)
00:57:01 I config {"data": {"levels": ["phone", "word", "utterance"], "emit_phones": true, "oversample_k": 5, "n_negatives": 300, "val_speakers": 12, "val_samples": 250, "max_length": 2048, "limit": 0}, "train": {"seed": 3407, "epochs": 2, "batch_size": 1, "grad_accum": 4, "learning_rate": 0.0001, "head_learning_rate": 0.001, "weight_decay": 0.01, "warmup_ratio": 0.05, "max_grad_norm": 1.0, "val_every": 200, "save_every": 500, "log_every": 10, "probe": 0, "wandb_project": "tutokana", "wandb_mode": "online"}, "head_modes": {"phone": "soft_class", "word": "regression", "utterance": "regression"}, "model_id": "google/gemma-4-12B-it", "device": "auto", "lora_r": 32, "lora_alpha": 64, "lora_dropout": 0.05, "train_audio_projection": false, "head_layers": 8, "layer_mixture": true, "phone_conditioning": "film", "lambda_ccc": 0.5, "lambda_lm": 0.5, "buffer_capacity": 512, "reweight_strength": 1.0, "reweight_levels": ["phone", "word"], "level_weight_phone": 1.0, "level_weight_word": 1.0, "level_weight_utterance": 1.0}
00:57:01 I device mps
00:57:03 I [data] 2260 train / 240 val utterances (12 val speakers held out), scoring on 240
00:57:03 I [data] 66 phone symbols in train
00:57:03 I [mix] {"base_samples": 2260, "oversampled_samples": 3608, "n_negatives": 300, "epoch_samples": 3908, "multiplicity_max": 5, "phone_entropy_base": 0.31897495807645415, "phone_entropy_mixed": 0.5670136911679056, "mispronunciation_share_base": 0.3}
00:57:07 I [model] heads ['phone.accuracy', 'utterance.accuracy', 'utterance.fluency', 'utterance.prosodic', 'utterance.total', 'word.accuracy', 'word.stress', 'word.total']
00:57:11 I [model] 146.95M trainable / 12106.68M total (1.214%)
00:57:13 I [preflight] ok — 217 tokens, 52 supervised text positions, registers {'phone.accuracy': 20, 'word.accuracy': 8, 'word.stress': 8, 'word.total': 8, 'utterance.accuracy': 2, 'utterance.prosodic': 2, 'utterance.fluency': 2, 'utterance.total': 2}, loss 15.0766
00:57:13 I [train] 1954 steps (977/epoch x 2 epochs)
00:57:15 I [resume] skipping 2000 samples already seen this epoch
